---
source: src/github_actions.rs
expression: release_drafter_file_template_content
---
"name-template: \"v$RESOLVED_VERSION\"\ntag-template: \"v$RESOLVED_VERSION\"\ncategories:\n  - type: \"pre-exclude\"\n    when:\n      labels:\n        - \"dependencies\"\n        - \"skip-changelog\"\n  - title: \"⚠ Breaking changes\"\n    semver-increment: \"minor\"\n    when:\n        label: \"breaking-change\"\n  - title: \"Features\"\n    semver-increment: \"minor\"\n    when:\n      label: \"enhancement\"\n  - title: \"Bug Fixes\"\n    when:\n      label: \"bug\"\n  - type: \"version-resolver\"\n    semver-increment: \"patch\"\nchange-template: \"- $TITLE @$AUTHOR (#$NUMBER)\"\ntemplate: |\n  ## Changes\n\n  $CHANGES\n"
