---
source: src/github_actions.rs
expression: content
---
"name: Docs Publish\non:\n  release:\n    types:\n    - published\njobs:\n  deploy:\n    runs-on: ubuntu-latest\n    steps:\n    - uses: actions/checkout@v5\n    - name: Install uv\n      uses: astral-sh/setup-uv@v7\n      with:\n        enable-cache: true\n    - name: Set up Python\n      uses: actions/setup-python@v6\n      with:\n        python-version: \"3.12\"\n    - name: Install Dependencies\n      run: uv sync --frozen\n    - name: Deploy Docs\n      run: uv run mkdocs gh-deploy --force\n"
