---
source: src/project_generator.rs
expression: content
---
"[update]\nexclude_tags = [\"*-{alpha,beta,dev,rc}*\", \"*.{alpha,beta,dev,rc}*\"]\n\n[[repos]]\nrepo = \"builtin\"\nhooks = [\n  { id = \"check-added-large-files\" },\n  { id = \"check-toml\" },\n  { id = \"check-yaml\" },\n  { id = \"end-of-file-fixer\" },\n  { id = \"trailing-whitespace\" },\n]\n\n[[repos]]\nrepo = \"https://github.com/pre-commit/pre-commit-hooks\"\nrev = \"v6.0.0\"\nhooks = [\n  { id = \"debug-statements\" },\n]\n\n[[repos]]\nrepo = \"https://github.com/pre-commit/mirrors-mypy\"\nrev = \"v1.18.2\"\nhooks = [\n  { id = \"mypy\" },\n]\n\n[[repos]]\nrepo = \"https://github.com/astral-sh/ruff-pre-commit\"\nrev = \"v0.14.4\"\nhooks = [\n  { id = \"ruff-check\", args = [\"--fix\", \"--exit-non-zero-on-fix\"] },\n  { id = \"ruff-format\" },\n]\n"
